Parsing tar file... 
Parsing tar file...done
Parsing tar file... 
Parsing tar file...done
Parsing tar file... 
Parsing tar file...done
Extracting... \ /var/folders/qg/_s6yvmt52d78dfdl4wbvqfsw0000gn/T/emacs-ai-install-7bn2vj7r/설치 폴더/emacs-ai-0.8.3/MANIFEST.json
Extracting...done
  INFO     Scraping 14 files for loaddefs... 
  INFO     Scraping 14 files for loaddefs...done
  GEN      emacs-ai-autoloads.el
Checking /var/folders/qg/_s6yvmt52d78dfdl4wbvqfsw0000gn/T/emacs-ai-install-7bn2vj7r/설치 폴더/emacs-ai-0.8.3...
Compiling /var/folders/qg/_s6yvmt52d78dfdl4wbvqfsw0000gn/T/emacs-ai-install-7bn2vj7r/설치 폴더/emacs-ai-0.8.3/emacs-ai-app.el...

In emacs-ai-app--branches:
emacs-ai-app.el:46:2: Warning: docstring wider than 80 characters
Compiling /var/folders/qg/_s6yvmt52d78dfdl4wbvqfsw0000gn/T/emacs-ai-install-7bn2vj7r/설치 폴더/emacs-ai-0.8.3/emacs-ai-autoloads.el...
Compiling /var/folders/qg/_s6yvmt52d78dfdl4wbvqfsw0000gn/T/emacs-ai-install-7bn2vj7r/설치 폴더/emacs-ai-0.8.3/emacs-ai-caffeine.el...

In toplevel form:
emacs-ai-caffeine.el:12:20: Warning: in defcustom for ‘emacs-ai-caffeine-mode’: fails to specify containing group
Compiling /var/folders/qg/_s6yvmt52d78dfdl4wbvqfsw0000gn/T/emacs-ai-install-7bn2vj7r/설치 폴더/emacs-ai-0.8.3/emacs-ai-connect.el...
Compiling /var/folders/qg/_s6yvmt52d78dfdl4wbvqfsw0000gn/T/emacs-ai-install-7bn2vj7r/설치 폴더/emacs-ai-0.8.3/emacs-ai-history.el...
Compiling /var/folders/qg/_s6yvmt52d78dfdl4wbvqfsw0000gn/T/emacs-ai-install-7bn2vj7r/설치 폴더/emacs-ai-0.8.3/emacs-ai-notifications.el...
Compiling /var/folders/qg/_s6yvmt52d78dfdl4wbvqfsw0000gn/T/emacs-ai-install-7bn2vj7r/설치 폴더/emacs-ai-0.8.3/emacs-ai-persistent-events.el...
Compiling /var/folders/qg/_s6yvmt52d78dfdl4wbvqfsw0000gn/T/emacs-ai-install-7bn2vj7r/설치 폴더/emacs-ai-0.8.3/emacs-ai-persistent.el...
Compiling /var/folders/qg/_s6yvmt52d78dfdl4wbvqfsw0000gn/T/emacs-ai-install-7bn2vj7r/설치 폴더/emacs-ai-0.8.3/emacs-ai-pkg.el...

In toplevel form:
emacs-ai-pkg.el:1:1: Warning: file has no ‘lexical-binding’ directive on its first line
emacs-ai-pkg.el:1:2: Warning: ‘define-package’ is an obsolete function (as of 29.1).
Compiling /var/folders/qg/_s6yvmt52d78dfdl4wbvqfsw0000gn/T/emacs-ai-install-7bn2vj7r/설치 폴더/emacs-ai-0.8.3/emacs-ai-review.el...

In emacs-ai-review--path:
emacs-ai-review.el:16:43: Warning: ‘string-as-unibyte’ is an obsolete function (as of 26.1); use ‘encode-coding-string’.
Compiling /var/folders/qg/_s6yvmt52d78dfdl4wbvqfsw0000gn/T/emacs-ai-install-7bn2vj7r/설치 폴더/emacs-ai-0.8.3/emacs-ai-tasks.el...
Compiling /var/folders/qg/_s6yvmt52d78dfdl4wbvqfsw0000gn/T/emacs-ai-install-7bn2vj7r/설치 폴더/emacs-ai-0.8.3/emacs-ai-terminal.el...
Compiling /var/folders/qg/_s6yvmt52d78dfdl4wbvqfsw0000gn/T/emacs-ai-install-7bn2vj7r/설치 폴더/emacs-ai-0.8.3/emacs-ai-workspace.el...
Compiling /var/folders/qg/_s6yvmt52d78dfdl4wbvqfsw0000gn/T/emacs-ai-install-7bn2vj7r/설치 폴더/emacs-ai-0.8.3/emacs-ai-worktree.el...

In emacs-ai-worktree--remove:
emacs-ai-worktree.el:90:2: Warning: docstring wider than 80 characters
Compiling /var/folders/qg/_s6yvmt52d78dfdl4wbvqfsw0000gn/T/emacs-ai-install-7bn2vj7r/설치 폴더/emacs-ai-0.8.3/emacs-ai.el...
Checking /var/folders/qg/_s6yvmt52d78dfdl4wbvqfsw0000gn/T/emacs-ai-install-7bn2vj7r/설치 폴더/emacs-ai-0.8.3/bridge...
Checking /var/folders/qg/_s6yvmt52d78dfdl4wbvqfsw0000gn/T/emacs-ai-install-7bn2vj7r/설치 폴더/emacs-ai-0.8.3/docs...
Checking /var/folders/qg/_s6yvmt52d78dfdl4wbvqfsw0000gn/T/emacs-ai-install-7bn2vj7r/설치 폴더/emacs-ai-0.8.3/bridge/persistence...
Done (Total of 14 files compiled, 1 skipped)
Setting ‘package-selected-packages’ temporarily since "emacs -q" would overwrite customizations
Searching archive; M-x emacs-ai-history-cancel to stop
Archive match at byte 7; M-x emacs-ai-history-next for next
Running 15 tests (2026-09-10 03:55:00+0900, selector ‘"^emacs-ai-"’)
   passed   1/15  emacs-ai-app-entry-and-keyboard-commands (0.000153 sec)
   passed   2/15  emacs-ai-app-project-selection-and-cancel (0.000075 sec)
   passed   3/15  emacs-ai-app-resources-independent-of-records (0.000187 sec)
   passed   4/15  emacs-ai-draft-keeps-parent-suffix (0.000050 sec)
   passed   5/15  emacs-ai-editor-invalid-override-does-not-start-server (0.000035 sec)
   passed   6/15  emacs-ai-keys-disable-restores-bindings (0.000058 sec)
   passed   7/15  emacs-ai-resume-arguments-and-invalid-id (0.000057 sec)
   passed   8/15  emacs-ai-session-branch-local-and-unavailable (0.097631 sec)
   passed   9/15  emacs-ai-session-query-concurrent-output (0.044644 sec)
   passed  10/15  emacs-ai-session-query-deadline-and-events (0.355037 sec)
   passed  11/15  emacs-ai-session-query-output-bound (0.030909 sec)
   passed  12/15  emacs-ai-session-query-quit-cleanup (0.000613 sec)
   passed  13/15  emacs-ai-session-state-is-process-state (0.009092 sec)
   passed  14/15  emacs-ai-session-switch-empty (0.000092 sec)
   passed  15/15  emacs-ai-session-switch-local-metadata (0.000768 sec)

Ran 15 tests, 15 results as expected, 0 unexpected (2026-09-10 03:55:00+0900, 0.540298 sec)

Running 5 tests (2026-09-10 03:55:00+0900, selector ‘"^emacs-ai-review-"’)
Draft only: 158 added chars; inspect before C-c a p, then C-c a RET
Undo
   passed  1/5  emacs-ai-review-cancel-and-draft-undo (0.000520 sec)
   passed  2/5  emacs-ai-review-deletion-and-quoted-path (0.000216 sec)
   passed  3/5  emacs-ai-review-hunks-and-new-line-offsets (0.000197 sec)
   passed  4/5  emacs-ai-review-limits-and-fences (0.000189 sec)
   passed  5/5  emacs-ai-review-multiple-files-and-header-like-content (0.000183 sec)

Ran 5 tests, 5 results as expected, 0 unexpected (2026-09-10 03:55:00+0900, 0.001411 sec)

Running 4 tests (2026-09-10 03:55:00+0900, selector ‘"^emacs-ai-worktree-"’)
   passed  1/4  emacs-ai-worktree-bare-and-nul-paths (0.191922 sec)
   passed  2/4  emacs-ai-worktree-create-isolate-and-select (0.179888 sec)
   passed  3/4  emacs-ai-worktree-remove-guards (0.443134 sec)
Compilation interrupt: 2
   passed  4/4  emacs-ai-worktree-running-project-command-blocks-removal (0.222102 sec)

Ran 4 tests, 4 results as expected, 0 unexpected (2026-09-10 03:55:01+0900, 1.037229 sec)

Running 8 tests (2026-09-10 03:55:01+0900, selector ‘"^emacs-ai-tasks-"’)
Compilation interrupt: 2
   passed  1/8  emacs-ai-tasks-cancel (0.032807 sec)
   passed  2/8  emacs-ai-tasks-catalog-lock-and-corruption (0.000972 sec)
Compilation finished
   passed  3/8  emacs-ai-tasks-error-cache-is-bounded (0.026818 sec)
Compilation finished
Compilation finished
   passed  4/8  emacs-ai-tasks-fast-output-and-rerun (0.006761 sec)
Compilation exited abnormally with code 7
   passed  5/8  emacs-ai-tasks-full-log-bounded-buffer-exit (0.025675 sec)
   passed  6/8  emacs-ai-tasks-killed-buffer-releases-native-state (0.032636 sec)
Registered test; not executed
Registered test; not executed
Registered test; not executed
   passed  7/8  emacs-ai-tasks-project-registration-is-data (0.003689 sec)
Compilation killed: 9
Command recording failed: disk full fixture
   passed  8/8  emacs-ai-tasks-recording-failure-stops-process (0.019014 sec)

Ran 8 tests, 8 results as expected, 0 unexpected (2026-09-10 03:55:01+0900, 0.148615 sec)

Running 5 tests (2026-09-10 03:55:01+0900, selector ‘"^emacs-ai-workspace-"’)
   passed  1/5  emacs-ai-workspace-failure-rolls-back-buffers-and-windows (0.001053 sec)
   passed  2/5  emacs-ai-workspace-invalid-schema-preserves-layout (0.000722 sec)
   passed  3/5  emacs-ai-workspace-nested-layout (0.001139 sec)
   passed  4/5  emacs-ai-workspace-passive-layout-and-idempotence (0.000936 sec)
   passed  5/5  emacs-ai-workspace-session-state-and-missing-project (0.003098 sec)

Ran 5 tests, 5 results as expected, 0 unexpected (2026-09-10 03:55:01+0900, 0.007073 sec)

Cross-process restore: {"separate_processes": 2, "windows": 2, "passive_restore": true, "conversation_id_preserved": true, "missing_file_detected": true, "duplicate_restore_buffers": false}

Running 8 tests (2026-09-10 03:55:02+0900, selector ‘"^eai-"’)
   passed  1/8  eai-detached-capture-count-bound (0.020018 sec)
   passed  2/8  eai-detached-capture-passive-deduplicated-and-validated (0.003134 sec)
   passed  3/8  eai-events-latest-tail-and-bounded-poll (0.028796 sec)
   passed  4/8  eai-events-oversized-invalid-stop (0.000908 sec)
   passed  5/8  eai-events-partial-repeat-and-session-attribution (0.000557 sec)
   passed  6/8  eai-events-replaced-and-truncated-stop (0.000971 sec)
Display detached; persistent CLI continues running
Stopped server
Connection file "/var/folders/qg/_s6yvmt52d78dfdl4wbvqfsw0000gn/T/eai-command-y9UwIE/editor-server/emacs-ai-93392" deleted
   passed  7/8  eai-persistent-commands-attach-detach-reattach (0.876418 sec)
Display detached; persistent CLI continues running
Display detached; persistent CLI continues running
Stopped server
Connection file "/tmp/emacs-ai-editor-ecYvR2/emacs-ai-93392" deleted
   passed  8/8  eai-persistent-worktree-and-workspace (0.536537 sec)

Ran 8 tests, 8 results as expected, 0 unexpected (2026-09-10 03:55:03+0900, 1.467582 sec)

Running 1 tests (2026-09-10 03:55:03+0900, selector ‘"^emacs-ai-task-registered-http-"’)
Registered server; not executed
Compilation interrupt: 2
   passed  1/1  emacs-ai-task-registered-http-server-cancel (0.136953 sec)

Ran 1 tests, 1 results as expected, 0 unexpected (2026-09-10 03:55:04+0900, 0.137014 sec)

Running 4 tests (2026-09-10 03:55:04+0900, selector ‘"^emacs-ai-notifications-"’)
   passed  1/4  emacs-ai-notifications-attribution-and-navigation (0.000119 sec)
   passed  2/4  emacs-ai-notifications-bounds-and-closed (0.001363 sec)
   passed  3/4  emacs-ai-notifications-cli-start-and-resume-options (0.000479 sec)
Stopped server
Connection file "/var/folders/qg/_s6yvmt52d78dfdl4wbvqfsw0000gn/T/ai-notice-pty-NyfQPh/editor-server/emacs-ai-93392" deleted
   passed  4/4  emacs-ai-notifications-real-pty (0.403311 sec)

Ran 4 tests, 4 results as expected, 0 unexpected (2026-09-10 03:55:04+0900, 0.405396 sec)

Running 6 tests (2026-09-10 03:55:04+0900, selector ‘"^emacs-ai-terminal-"’)
Stopped server
Connection file "/var/folders/qg/_s6yvmt52d78dfdl4wbvqfsw0000gn/T/ai-archive-aCr9pD/editor-server/emacs-ai-93392" deleted
   passed  1/6  emacs-ai-terminal-archive-survives-close (0.051918 sec)
   passed  2/6  emacs-ai-terminal-editor-server-failure-cleans-fallback (0.000583 sec)
CLI editor: edit the opened file, then C-x # to return it to the CLI
When done with a buffer, type C-x #
Transferred; inspect CLI, then M-x emacs-ai-terminal-enter (C-c a RET) to submit
Stopped server
Connection file "/tmp/emacs-ai-editor-xeCo2R/emacs-ai-93392" deleted
   passed  3/6  emacs-ai-terminal-empty-editor-and-byte-limit (1.809910 sec)
Copy mode: press any printable key to exit
Char mode (M-RET to exit)
Copy mode: press any printable key to exit
Char mode (M-RET to exit)
Undo
Transferred; inspect CLI, then M-x emacs-ai-terminal-enter (C-c a RET) to submit
Transferred; inspect CLI, then M-x emacs-ai-terminal-enter (C-c a RET) to submit
CLI editor: edit the opened file, then C-x # to return it to the CLI
When done with a buffer, type C-x #
Stopped server
Connection file "/var/folders/qg/_s6yvmt52d78dfdl4wbvqfsw0000gn/T/ai-pty-test-5fz4G7/editor-server/emacs-ai-93392" deleted
   passed  4/6  emacs-ai-terminal-paste-and-native-keys (0.178434 sec)
Terminal recording failed: Opening output file: No such file or directory, /var/folders/qg/_s6yvmt52d78dfdl4wbvqfsw0000gn/T/ai-pty-failure-GZI7wM/missing/archive.ansi
Stopped server
Connection file "/var/folders/qg/_s6yvmt52d78dfdl4wbvqfsw0000gn/T/ai-pty-failure-GZI7wM/editor-server/emacs-ai-93392" deleted
   passed  5/6  emacs-ai-terminal-recording-failure-is-isolated (0.072220 sec)
Stopped server
Connection file "/tmp/emacs-ai-editor-D6DYDw/emacs-ai-93392" deleted
   passed  6/6  emacs-ai-terminal-start-failure-is-isolated (0.016165 sec)

Ran 6 tests, 6 results as expected, 0 unexpected (2026-09-10 03:55:06+0900, 2.129512 sec)

Running 1 tests (2026-09-10 03:55:06+0900, selector ‘"^emacs-ai-review-real-magit-"’)

   passed  1/1  emacs-ai-review-real-magit-renamed-file (0.153584 sec)

Ran 1 tests, 1 results as expected, 0 unexpected (2026-09-10 03:55:07+0900, 0.153674 sec)

Setting ‘package-selected-packages’ temporarily since "emacs -q" would overwrite customizations
Package ‘emacs-ai-0.8.3’ deleted.
Package install/autoload/relocated search/delete/record preservation passed
Archive manifest and package lifecycle passed; no GUI or AI calls
