Parsing tar file... 
Parsing tar file...done
Parsing tar file... 
Parsing tar file...done
Parsing tar file...1% 
Parsing tar file...done
Extracting... \ 
Extracting...done
  INFO     Scraping 9 files for loaddefs... 
  INFO     Scraping 9 files for loaddefs...done
  GEN      emacs-ai-autoloads.el
Checking /var/folders/qg/_s6yvmt52d78dfdl4wbvqfsw0000gn/T/emacs-ai-install-4o6yxcql/설치 폴더/emacs-ai-0.4.0...
Compiling /var/folders/qg/_s6yvmt52d78dfdl4wbvqfsw0000gn/T/emacs-ai-install-4o6yxcql/설치 폴더/emacs-ai-0.4.0/emacs-ai-app.el...

In emacs-ai-app--branches:
emacs-ai-app.el:43:2: Warning: docstring wider than 80 characters
Compiling /var/folders/qg/_s6yvmt52d78dfdl4wbvqfsw0000gn/T/emacs-ai-install-4o6yxcql/설치 폴더/emacs-ai-0.4.0/emacs-ai-autoloads.el...
Compiling /var/folders/qg/_s6yvmt52d78dfdl4wbvqfsw0000gn/T/emacs-ai-install-4o6yxcql/설치 폴더/emacs-ai-0.4.0/emacs-ai-caffeine.el...

In toplevel form:
emacs-ai-caffeine.el:12:20: Warning: in defcustom for ‘emacs-ai-caffeine-mode’: fails to specify containing group
Compiling /var/folders/qg/_s6yvmt52d78dfdl4wbvqfsw0000gn/T/emacs-ai-install-4o6yxcql/설치 폴더/emacs-ai-0.4.0/emacs-ai-connect.el...
Compiling /var/folders/qg/_s6yvmt52d78dfdl4wbvqfsw0000gn/T/emacs-ai-install-4o6yxcql/설치 폴더/emacs-ai-0.4.0/emacs-ai-history.el...
Compiling /var/folders/qg/_s6yvmt52d78dfdl4wbvqfsw0000gn/T/emacs-ai-install-4o6yxcql/설치 폴더/emacs-ai-0.4.0/emacs-ai-notifications.el...
Compiling /var/folders/qg/_s6yvmt52d78dfdl4wbvqfsw0000gn/T/emacs-ai-install-4o6yxcql/설치 폴더/emacs-ai-0.4.0/emacs-ai-pkg.el...

In toplevel form:
emacs-ai-pkg.el:1:1: Warning: file has no ‘lexical-binding’ directive on its first line
emacs-ai-pkg.el:1:2: Warning: ‘define-package’ is an obsolete function (as of 29.1).
Compiling /var/folders/qg/_s6yvmt52d78dfdl4wbvqfsw0000gn/T/emacs-ai-install-4o6yxcql/설치 폴더/emacs-ai-0.4.0/emacs-ai-review.el...

In emacs-ai-review--path:
emacs-ai-review.el:16:43: Warning: ‘string-as-unibyte’ is an obsolete function (as of 26.1); use ‘encode-coding-string’.
Compiling /var/folders/qg/_s6yvmt52d78dfdl4wbvqfsw0000gn/T/emacs-ai-install-4o6yxcql/설치 폴더/emacs-ai-0.4.0/emacs-ai-terminal.el...
Compiling /var/folders/qg/_s6yvmt52d78dfdl4wbvqfsw0000gn/T/emacs-ai-install-4o6yxcql/설치 폴더/emacs-ai-0.4.0/emacs-ai.el...
Checking /var/folders/qg/_s6yvmt52d78dfdl4wbvqfsw0000gn/T/emacs-ai-install-4o6yxcql/설치 폴더/emacs-ai-0.4.0/bridge...
Checking /var/folders/qg/_s6yvmt52d78dfdl4wbvqfsw0000gn/T/emacs-ai-install-4o6yxcql/설치 폴더/emacs-ai-0.4.0/docs...
Done (Total of 9 files compiled, 1 skipped)
Setting ‘package-selected-packages’ temporarily since "emacs -q" would overwrite customizations
Searching archive; M-x emacs-ai-history-cancel to stop
Archive match at byte 7; M-x emacs-ai-history-next for next
Running 15 tests (2026-09-10 02:31:19+0900, selector ‘"^emacs-ai-"’)
   passed   1/15  emacs-ai-app-entry-and-keyboard-commands (0.000149 sec)
   passed   2/15  emacs-ai-app-project-selection-and-cancel (0.000078 sec)
   passed   3/15  emacs-ai-app-resources-independent-of-records (0.000195 sec)
   passed   4/15  emacs-ai-draft-keeps-parent-suffix (0.000051 sec)
   passed   5/15  emacs-ai-editor-invalid-override-does-not-start-server (0.000033 sec)
   passed   6/15  emacs-ai-keys-disable-restores-bindings (0.000060 sec)
   passed   7/15  emacs-ai-resume-arguments-and-invalid-id (0.000058 sec)
   passed   8/15  emacs-ai-session-branch-local-and-unavailable (0.078966 sec)
   passed   9/15  emacs-ai-session-query-concurrent-output (0.043293 sec)
   passed  10/15  emacs-ai-session-query-deadline-and-events (0.354489 sec)
   passed  11/15  emacs-ai-session-query-output-bound (0.028472 sec)
   passed  12/15  emacs-ai-session-query-quit-cleanup (0.000598 sec)
   passed  13/15  emacs-ai-session-state-is-process-state (0.011104 sec)
   passed  14/15  emacs-ai-session-switch-empty (0.000075 sec)
   passed  15/15  emacs-ai-session-switch-local-metadata (0.000730 sec)

Ran 15 tests, 15 results as expected, 0 unexpected (2026-09-10 02:31:19+0900, 0.519119 sec)

Running 5 tests (2026-09-10 02:31:19+0900, selector ‘"^emacs-ai-review-"’)
Draft only: 158 added chars; inspect before C-c a p, then C-c a RET
Undo
   passed  1/5  emacs-ai-review-cancel-and-draft-undo (0.000472 sec)
   passed  2/5  emacs-ai-review-deletion-and-quoted-path (0.000210 sec)
   passed  3/5  emacs-ai-review-hunks-and-new-line-offsets (0.000197 sec)
   passed  4/5  emacs-ai-review-limits-and-fences (0.000188 sec)
   passed  5/5  emacs-ai-review-multiple-files-and-header-like-content (0.000187 sec)

Ran 5 tests, 5 results as expected, 0 unexpected (2026-09-10 02:31:19+0900, 0.001426 sec)

Running 1 tests (2026-09-10 02:31:20+0900, selector ‘"^emacs-ai-review-real-magit-"’)

   passed  1/1  emacs-ai-review-real-magit-renamed-file (0.154477 sec)

Ran 1 tests, 1 results as expected, 0 unexpected (2026-09-10 02:31:20+0900, 0.154622 sec)

Setting ‘package-selected-packages’ temporarily since "emacs -q" would overwrite customizations
Package ‘emacs-ai-0.4.0’ deleted.
Package install/autoload/relocated search/delete/record preservation passed
Archive manifest and package lifecycle passed; no GUI or AI calls
