Parsing tar file... 
Parsing tar file...done
Parsing tar file...1% 
Parsing tar file...done
Parsing tar file... 
Parsing tar file...done
Extracting... \ /var/folders/qg/_s6yvmt52d78dfdl4wbvqfsw0000gn/T/emacs-ai-install-f72x5nb1/설치 폴더/emacs-ai-0.4.0/MANIFEST.json
Extracting...done
  INFO     Scraping 9 files for loaddefs... 
  INFO     Scraping 9 files for loaddefs...done
  GEN      emacs-ai-autoloads.el
Checking /var/folders/qg/_s6yvmt52d78dfdl4wbvqfsw0000gn/T/emacs-ai-install-f72x5nb1/설치 폴더/emacs-ai-0.4.0...
Compiling /var/folders/qg/_s6yvmt52d78dfdl4wbvqfsw0000gn/T/emacs-ai-install-f72x5nb1/설치 폴더/emacs-ai-0.4.0/emacs-ai-app.el...

In emacs-ai-app--branches:
emacs-ai-app.el:43:2: Warning: docstring wider than 80 characters
Compiling /var/folders/qg/_s6yvmt52d78dfdl4wbvqfsw0000gn/T/emacs-ai-install-f72x5nb1/설치 폴더/emacs-ai-0.4.0/emacs-ai-autoloads.el...
Compiling /var/folders/qg/_s6yvmt52d78dfdl4wbvqfsw0000gn/T/emacs-ai-install-f72x5nb1/설치 폴더/emacs-ai-0.4.0/emacs-ai-caffeine.el...

In toplevel form:
emacs-ai-caffeine.el:12:20: Warning: in defcustom for ‘emacs-ai-caffeine-mode’: fails to specify containing group
Compiling /var/folders/qg/_s6yvmt52d78dfdl4wbvqfsw0000gn/T/emacs-ai-install-f72x5nb1/설치 폴더/emacs-ai-0.4.0/emacs-ai-connect.el...
Compiling /var/folders/qg/_s6yvmt52d78dfdl4wbvqfsw0000gn/T/emacs-ai-install-f72x5nb1/설치 폴더/emacs-ai-0.4.0/emacs-ai-history.el...
Compiling /var/folders/qg/_s6yvmt52d78dfdl4wbvqfsw0000gn/T/emacs-ai-install-f72x5nb1/설치 폴더/emacs-ai-0.4.0/emacs-ai-notifications.el...
Compiling /var/folders/qg/_s6yvmt52d78dfdl4wbvqfsw0000gn/T/emacs-ai-install-f72x5nb1/설치 폴더/emacs-ai-0.4.0/emacs-ai-pkg.el...

In toplevel form:
emacs-ai-pkg.el:1:1: Warning: file has no ‘lexical-binding’ directive on its first line
emacs-ai-pkg.el:1:2: Warning: ‘define-package’ is an obsolete function (as of 29.1).
Compiling /var/folders/qg/_s6yvmt52d78dfdl4wbvqfsw0000gn/T/emacs-ai-install-f72x5nb1/설치 폴더/emacs-ai-0.4.0/emacs-ai-review.el...

In emacs-ai-review--path:
emacs-ai-review.el:16:43: Warning: ‘string-as-unibyte’ is an obsolete function (as of 26.1); use ‘encode-coding-string’.
Compiling /var/folders/qg/_s6yvmt52d78dfdl4wbvqfsw0000gn/T/emacs-ai-install-f72x5nb1/설치 폴더/emacs-ai-0.4.0/emacs-ai-terminal.el...
Compiling /var/folders/qg/_s6yvmt52d78dfdl4wbvqfsw0000gn/T/emacs-ai-install-f72x5nb1/설치 폴더/emacs-ai-0.4.0/emacs-ai.el...
Checking /var/folders/qg/_s6yvmt52d78dfdl4wbvqfsw0000gn/T/emacs-ai-install-f72x5nb1/설치 폴더/emacs-ai-0.4.0/bridge...
Checking /var/folders/qg/_s6yvmt52d78dfdl4wbvqfsw0000gn/T/emacs-ai-install-f72x5nb1/설치 폴더/emacs-ai-0.4.0/docs...
Done (Total of 9 files compiled, 1 skipped)
Setting ‘package-selected-packages’ temporarily since "emacs -q" would overwrite customizations
Searching archive; M-x emacs-ai-history-cancel to stop
Archive match at byte 7; M-x emacs-ai-history-next for next
Running 15 tests (2026-09-10 02:30:49+0900, selector ‘"^emacs-ai-"’)
   passed   1/15  emacs-ai-app-entry-and-keyboard-commands (0.000147 sec)
   passed   2/15  emacs-ai-app-project-selection-and-cancel (0.000078 sec)
   passed   3/15  emacs-ai-app-resources-independent-of-records (0.000193 sec)
   passed   4/15  emacs-ai-draft-keeps-parent-suffix (0.000050 sec)
   passed   5/15  emacs-ai-editor-invalid-override-does-not-start-server (0.000036 sec)
   passed   6/15  emacs-ai-keys-disable-restores-bindings (0.000059 sec)
   passed   7/15  emacs-ai-resume-arguments-and-invalid-id (0.000058 sec)
   passed   8/15  emacs-ai-session-branch-local-and-unavailable (0.099964 sec)
   passed   9/15  emacs-ai-session-query-concurrent-output (0.045658 sec)
   passed  10/15  emacs-ai-session-query-deadline-and-events (0.357263 sec)
   passed  11/15  emacs-ai-session-query-output-bound (0.026185 sec)
   passed  12/15  emacs-ai-session-query-quit-cleanup (0.000637 sec)
   passed  13/15  emacs-ai-session-state-is-process-state (0.009571 sec)
   passed  14/15  emacs-ai-session-switch-empty (0.000072 sec)
   passed  15/15  emacs-ai-session-switch-local-metadata (0.000697 sec)

Ran 15 tests, 15 results as expected, 0 unexpected (2026-09-10 02:30:49+0900, 0.541474 sec)

Running 5 tests (2026-09-10 02:30:49+0900, selector ‘"^emacs-ai-review-"’)
Draft only: 158 added chars; inspect before C-c a p, then C-c a RET
Undo
   passed  1/5  emacs-ai-review-cancel-and-draft-undo (0.000479 sec)
   passed  2/5  emacs-ai-review-deletion-and-quoted-path (0.000207 sec)
   passed  3/5  emacs-ai-review-hunks-and-new-line-offsets (0.000192 sec)
   passed  4/5  emacs-ai-review-limits-and-fences (0.000184 sec)
   passed  5/5  emacs-ai-review-multiple-files-and-header-like-content (0.000181 sec)

Ran 5 tests, 5 results as expected, 0 unexpected (2026-09-10 02:30:49+0900, 0.001349 sec)

Running 4 tests (2026-09-10 02:30:49+0900, selector ‘"^emacs-ai-notifications-"’)
   passed  1/4  emacs-ai-notifications-attribution-and-navigation (0.000101 sec)
   passed  2/4  emacs-ai-notifications-bounds-and-closed (0.001407 sec)
   passed  3/4  emacs-ai-notifications-cli-start-and-resume-options (0.000486 sec)
Stopped server
Connection file "/var/folders/qg/_s6yvmt52d78dfdl4wbvqfsw0000gn/T/ai-notice-pty-7GAujv/editor-server/emacs-ai-81091" deleted
   passed  4/4  emacs-ai-notifications-real-pty (0.394325 sec)

Ran 4 tests, 4 results as expected, 0 unexpected (2026-09-10 02:30:50+0900, 0.396518 sec)

Running 6 tests (2026-09-10 02:30:50+0900, selector ‘"^emacs-ai-terminal-"’)
Stopped server
Connection file "/var/folders/qg/_s6yvmt52d78dfdl4wbvqfsw0000gn/T/ai-archive-IFCLEO/editor-server/emacs-ai-81091" deleted
   passed  1/6  emacs-ai-terminal-archive-survives-close (0.053096 sec)
   passed  2/6  emacs-ai-terminal-editor-server-failure-cleans-fallback (0.000561 sec)
CLI editor: edit the opened file, then C-x # to return it to the CLI
When done with a buffer, type C-x #
Transferred; inspect CLI, then Terminal AI → Enter to submit
Stopped server
Connection file "/tmp/emacs-ai-editor-75LY9x/emacs-ai-81091" deleted
   passed  3/6  emacs-ai-terminal-empty-editor-and-byte-limit (1.821662 sec)
Copy mode: press any printable key to exit
Char mode (M-RET to exit)
Copy mode: press any printable key to exit
Char mode (M-RET to exit)
Undo
Transferred; inspect CLI, then Terminal AI → Enter to submit
Transferred; inspect CLI, then Terminal AI → Enter to submit
CLI editor: edit the opened file, then C-x # to return it to the CLI
When done with a buffer, type C-x #
Stopped server
Connection file "/var/folders/qg/_s6yvmt52d78dfdl4wbvqfsw0000gn/T/ai-pty-test-Eb0RCD/editor-server/emacs-ai-81091" deleted
   passed  4/6  emacs-ai-terminal-paste-and-native-keys (0.147102 sec)
Terminal recording failed: Opening output file: No such file or directory, /var/folders/qg/_s6yvmt52d78dfdl4wbvqfsw0000gn/T/ai-pty-failure-yUemsi/missing/archive.ansi
Stopped server
Connection file "/var/folders/qg/_s6yvmt52d78dfdl4wbvqfsw0000gn/T/ai-pty-failure-yUemsi/editor-server/emacs-ai-81091" deleted
   passed  5/6  emacs-ai-terminal-recording-failure-is-isolated (0.070171 sec)
Stopped server
Connection file "/tmp/emacs-ai-editor-i4MXqh/emacs-ai-81091" deleted
   passed  6/6  emacs-ai-terminal-start-failure-is-isolated (0.014691 sec)

Ran 6 tests, 6 results as expected, 0 unexpected (2026-09-10 02:30:52+0900, 2.107604 sec)

Setting ‘package-selected-packages’ temporarily since "emacs -q" would overwrite customizations
Package ‘emacs-ai-0.4.0’ deleted.
Package install/autoload/relocated search/delete/record preservation passed
Archive manifest and package lifecycle passed; no GUI or AI calls
