Loading /var/folders/qg/_s6yvmt52d78dfdl4wbvqfsw0000gn/T/eam-vc-check-Iib6Qn/elpa/ghostel/lisp/ghostel-autoloads.el (source)...
Loading /var/folders/qg/_s6yvmt52d78dfdl4wbvqfsw0000gn/T/eam-vc-check-Iib6Qn/elpa/eam/lisp/eam-autoloads.el (source)...
  INFO     Scraping 15 files for loaddefs... 
  INFO     Scraping 15 files for loaddefs...done
Source file ‘/var/folders/qg/_s6yvmt52d78dfdl4wbvqfsw0000gn/T/eam-vc-check-Iib6Qn/elpa/eam/eam-autoloads.el’ newer than byte-compiled file; using older file
Loading /var/folders/qg/_s6yvmt52d78dfdl4wbvqfsw0000gn/T/eam-vc-check-Iib6Qn/elpa/eam/lisp/eam-autoloads.el (source)...
Checking /var/folders/qg/_s6yvmt52d78dfdl4wbvqfsw0000gn/T/eam-vc-check-Iib6Qn/elpa/eam...
Compiling /var/folders/qg/_s6yvmt52d78dfdl4wbvqfsw0000gn/T/eam-vc-check-Iib6Qn/elpa/eam/eam-autoloads.el...

In toplevel form:
eam-autoloads.el:1:1: Warning: file has no ‘lexical-binding’ directive on its first line
Compiling /var/folders/qg/_s6yvmt52d78dfdl4wbvqfsw0000gn/T/eam-vc-check-Iib6Qn/elpa/eam/eam-pkg.el...

In toplevel form:
eam-pkg.el:1:1: Warning: file has no ‘lexical-binding’ directive on its first line
Checking /var/folders/qg/_s6yvmt52d78dfdl4wbvqfsw0000gn/T/eam-vc-check-Iib6Qn/elpa/eam/bridge...
Checking /var/folders/qg/_s6yvmt52d78dfdl4wbvqfsw0000gn/T/eam-vc-check-Iib6Qn/elpa/eam/lisp...
Compiling /var/folders/qg/_s6yvmt52d78dfdl4wbvqfsw0000gn/T/eam-vc-check-Iib6Qn/elpa/eam/lisp/eam-app.el...
Warning (ghostel): Native module not found: /var/folders/qg/_s6yvmt52d78dfdl4wbvqfsw0000gn/T/eam-vc-check-Iib6Qn/elpa/ghostel/ghostel-module.dylib
Run M-x ghostel-download-module or M-x ghostel-module-compile

In eam-app--branches:
lisp/eam-app.el:28:2: Warning: docstring wider than 80 characters
Compiling /var/folders/qg/_s6yvmt52d78dfdl4wbvqfsw0000gn/T/eam-vc-check-Iib6Qn/elpa/eam/lisp/eam-autoloads.el...
Compiling /var/folders/qg/_s6yvmt52d78dfdl4wbvqfsw0000gn/T/eam-vc-check-Iib6Qn/elpa/eam/lisp/eam-caffeine.el...

In toplevel form:
lisp/eam-caffeine.el:12:20: Warning: in defcustom for ‘eam-caffeine-mode’: fails to specify containing group
Compiling /var/folders/qg/_s6yvmt52d78dfdl4wbvqfsw0000gn/T/eam-vc-check-Iib6Qn/elpa/eam/lisp/eam-connect.el...
Compiling /var/folders/qg/_s6yvmt52d78dfdl4wbvqfsw0000gn/T/eam-vc-check-Iib6Qn/elpa/eam/lisp/eam-history.el...
Compiling /var/folders/qg/_s6yvmt52d78dfdl4wbvqfsw0000gn/T/eam-vc-check-Iib6Qn/elpa/eam/lisp/eam-notifications.el...
Compiling /var/folders/qg/_s6yvmt52d78dfdl4wbvqfsw0000gn/T/eam-vc-check-Iib6Qn/elpa/eam/lisp/eam-persistent-events.el...
Compiling /var/folders/qg/_s6yvmt52d78dfdl4wbvqfsw0000gn/T/eam-vc-check-Iib6Qn/elpa/eam/lisp/eam-persistent.el...
Compiling /var/folders/qg/_s6yvmt52d78dfdl4wbvqfsw0000gn/T/eam-vc-check-Iib6Qn/elpa/eam/lisp/eam-review.el...

In eam-review--path:
lisp/eam-review.el:16:43: Warning: ‘string-as-unibyte’ is an obsolete function (as of 26.1); use ‘encode-coding-string’.
Compiling /var/folders/qg/_s6yvmt52d78dfdl4wbvqfsw0000gn/T/eam-vc-check-Iib6Qn/elpa/eam/lisp/eam-tasks.el...
Compiling /var/folders/qg/_s6yvmt52d78dfdl4wbvqfsw0000gn/T/eam-vc-check-Iib6Qn/elpa/eam/lisp/eam-terminal.el...

In end of data:
lisp/eam-terminal.el:201:21: Warning: the function ‘ghostel--mode-enabled’ is not known to be defined.
Compiling /var/folders/qg/_s6yvmt52d78dfdl4wbvqfsw0000gn/T/eam-vc-check-Iib6Qn/elpa/eam/lisp/eam-workspace.el...
Compiling /var/folders/qg/_s6yvmt52d78dfdl4wbvqfsw0000gn/T/eam-vc-check-Iib6Qn/elpa/eam/lisp/eam-worktree.el...

In eam-worktree--remove:
lisp/eam-worktree.el:91:2: Warning: docstring wider than 80 characters
Compiling /var/folders/qg/_s6yvmt52d78dfdl4wbvqfsw0000gn/T/eam-vc-check-Iib6Qn/elpa/eam/lisp/eam.el...
Checking /var/folders/qg/_s6yvmt52d78dfdl4wbvqfsw0000gn/T/eam-vc-check-Iib6Qn/elpa/eam/scripts...
Checking /var/folders/qg/_s6yvmt52d78dfdl4wbvqfsw0000gn/T/eam-vc-check-Iib6Qn/elpa/eam/bridge/persistence...
Done (Total of 14 files compiled, 2 skipped in 2 directories)
Setting ‘package-selected-packages’ temporarily since "emacs -q" would overwrite customizations
VC package ‘eam’ installed (Version 0.1.1, Revision "e48ca03ea5d9df92ea690b924b059a8244799bc5").
PASS: rebuilt VC install; 13 product files compiled; keys loaded; nonproduct bytecode absent